MongoDB shell version: 3.2.22
2021-05-24T15:15:28.286+0530 I CONTROL  [initandlisten]
> show dbs
local  0.078GB
> use studentdbs
switched to db studentdbs
> db.student_collection.insert({"id":"001","Name":"abc","USN":"1BM001","Sem":6,"
Dept":"CSE","CGPA":9.0,"Hobby":[{"Painting"}]})
2021-05-24T15:19:14.423+0530 E QUERY    [thread1] SyntaxError: missing : after p
roperty id @(shell):1:121

> db.student_collection.insert({"id":"001","Name":"abc","USN":"1BM001","Sem":6,"
Dept":"CSE","CGPA":9.0,"Hobby":"Painting"})
WriteResult({ "nInserted" : 1 })
> db.student_collection.insert({"id":"002","Name":"bcd","USN":"1BM002","Sem":6,"
Dept":"CSE","CGPA":2.0,"Hobby":"Coding"})
WriteResult({ "nInserted" : 1 })
> db.dropDatabase()
{ "dropped" : "studentdbs", "ok" : 1 }
> show dbs
local  0.078GB
> use studentdbs
switched to db studentdbs
> db.student_collection.insert({"_id":"001","Name":"abc","USN":"1BM001","Sem":6,
"Dept":"CSE","CGPA":9.0,"Hobby":[{"Painting"}]})
2021-05-24T15:21:37.999+0530 E QUERY    [thread1] SyntaxError: missing : after p
roperty id @(shell):1:122

> db.student_collection.insert({"_id":"001","Name":"abc","USN":"1BM001","Sem":6,
"Dept":"CSE","CGPA":9.0,"Hobby":"Painting"})
WriteResult({ "nInserted" : 1 })
> db.student_collection.insert({"_id":"002","Name":"bcd","USN":"1BM002","Sem":6,
"Dept":"CSE","CGPA":2.0,"Hobby":"Coding"})
WriteResult({ "nInserted" : 1 })
> db.student_collection.insert({"_id":"003","Name":"cde","USN":"1BM003","Sem":6,
"Dept":"ISE","CGPA":7.0,"Hobby":"Sports"})
WriteResult({ "nInserted" : 1 })
> db.student_collection.insert({"_id":"004","Name":"def","USN":"1BM004","Sem":6,
"Dept":"ISE","CGPA":8.0,"Hobby":"Coding"})
WriteResult({ "nInserted" : 1 })
> db.student_collection.find().foreach(printjson)
2021-05-24T15:23:52.837+0530 E QUERY    [thread1] TypeError: db.student_collecti
on.find(...).foreach is not a function :
@(shell):1:1

> db.student_collection.find().forEach(printjson)
{
        "_id" : "001",
        "Name" : "abc",
        "USN" : "1BM001",
        "Sem" : 6,
        "Dept" : "CSE",
        "CGPA" : 9,
        "Hobby" : "Painting"
}
{
        "_id" : "002",
        "Name" : "bcd",
        "USN" : "1BM002",
        "Sem" : 6,
        "Dept" : "CSE",
        "CGPA" : 2,
        "Hobby" : "Coding"
}
{
        "_id" : "003",
        "Name" : "cde",
        "USN" : "1BM003",
        "Sem" : 6,
        "Dept" : "ISE",
        "CGPA" : 7,
        "Hobby" : "Sports"
}
{
        "_id" : "004",
        "Name" : "def",
        "USN" : "1BM004",
        "Sem" : 6,
        "Dept" : "ISE",
        "CGPA" : 8,
        "Hobby" : "Coding"
}
> db.student_collection.remove({"CGPA":2.0})
WriteResult({ "nRemoved" : 1 })
> db.student_collection.find().forEach(printjson)
{
        "_id" : "001",
        "Name" : "abc",
        "USN" : "1BM001",
        "Sem" : 6,
        "Dept" : "CSE",
        "CGPA" : 9,
        "Hobby" : "Painting"
}
{
        "_id" : "003",
        "Name" : "cde",
        "USN" : "1BM003",
        "Sem" : 6,
        "Dept" : "ISE",
        "CGPA" : 7,
        "Hobby" : "Sports"
}
{
        "_id" : "004",
        "Name" : "def",
        "USN" : "1BM004",
        "Sem" : 6,
        "Dept" : "ISE",
        "CGPA" : 8,
        "Hobby" : "Coding"
}
>
